// Jest Snapshot v1, https://goo.gl/fbAQLP

exports[`facebooklogin component should render correctly 1`] = `
ShallowWrapper {
  Symbol(enzyme.__root__): [Circular],
  Symbol(enzyme.__unrendered__): <FacebookButton
    facebookLoginUser={[MockFunction]}
    isLoggedIn={true}
  />,
  Symbol(enzyme.__renderer__): Object {
    "batchedUpdates": [Function],
    "getNode": [Function],
    "render": [Function],
    "simulateError": [Function],
    "simulateEvent": [Function],
    "unmount": [Function],
  },
  Symbol(enzyme.__node__): Object {
    "instance": null,
    "key": undefined,
    "nodeType": "class",
    "props": Object {
      "appId": "2147542838793839",
      "callback": [Function],
      "cssClass": "facebook",
      "fields": "name,email,picture",
      "icon": "fa fa-facebook-square icon-with-margin",
      "size": "metro",
      "tag": "button",
      "textButton": "Facebook",
      "typeButton": "button",
    },
    "ref": null,
    "rendered": null,
    "type": [Function],
  },
  Symbol(enzyme.__nodes__): Array [
    Object {
      "instance": null,
      "key": undefined,
      "nodeType": "class",
      "props": Object {
        "appId": "2147542838793839",
        "callback": [Function],
        "cssClass": "facebook",
        "fields": "name,email,picture",
        "icon": "fa fa-facebook-square icon-with-margin",
        "size": "metro",
        "tag": "button",
        "textButton": "Facebook",
        "typeButton": "button",
      },
      "ref": null,
      "rendered": null,
      "type": [Function],
    },
  ],
  Symbol(enzyme.__options__): Object {
    "adapter": ReactSixteenAdapter {
      "options": Object {
        "enableComponentDidUpdateOnSetState": true,
        "lifecycles": Object {
          "componentDidUpdate": Object {
            "onSetState": true,
          },
          "getDerivedStateFromProps": true,
          "getSnapshotBeforeUpdate": true,
          "setState": Object {
            "skipsComponentDidUpdateOnNullish": true,
          },
        },
      },
    },
  },
}
`;
