// Jest Snapshot v1, https://goo.gl/fbAQLP

exports[`Googlelogin Component should render correctly 1`] = `
ShallowWrapper {
  Symbol(enzyme.__root__): [Circular],
  Symbol(enzyme.__unrendered__): <GoogleloginButton
    googleLoginUser={[MockFunction]}
    isLoggedIn={true}
  />,
  Symbol(enzyme.__renderer__): Object {
    "batchedUpdates": [Function],
    "getNode": [Function],
    "render": [Function],
    "simulateError": [Function],
    "simulateEvent": [Function],
    "unmount": [Function],
  },
  Symbol(enzyme.__node__): Object {
    "instance": null,
    "key": undefined,
    "nodeType": "host",
    "props": Object {
      "children": Array [
        <t
          accessType="online"
          buttonText="Login with Google"
          className="google"
          clientId="1040550554735-0lfo665jrpgkprjkqdvh9njlc46mu6rg.apps.googleusercontent.com"
          cookiePolicy="single_host_origin"
          disabledStyle={
            Object {
              "opacity": 0.6,
            }
          }
          fetchBasicProfile={true}
          isSignedIn={false}
          jsSrc="https://apis.google.com/js/client:platform.js"
          onFailure={[Function]}
          onRequest={[Function]}
          onSuccess={[Function]}
          prompt=""
          redirectUri="/"
          scope="profile email"
          tag="button"
          type="button"
          uxMode="popup"
        >
          <i
            className="fa fa-google-plus  icon-with-margin"
          />
          <span
            className="raised-font"
          >
             Google
          </span>
        </t>,
        " ",
      ],
    },
    "ref": null,
    "rendered": Array [
      Object {
        "instance": null,
        "key": undefined,
        "nodeType": "class",
        "props": Object {
          "accessType": "online",
          "buttonText": "Login with Google",
          "children": Array [
            <i
              className="fa fa-google-plus  icon-with-margin"
            />,
            <span
              className="raised-font"
            >
               Google
            </span>,
          ],
          "className": "google",
          "clientId": "1040550554735-0lfo665jrpgkprjkqdvh9njlc46mu6rg.apps.googleusercontent.com",
          "cookiePolicy": "single_host_origin",
          "disabledStyle": Object {
            "opacity": 0.6,
          },
          "fetchBasicProfile": true,
          "isSignedIn": false,
          "jsSrc": "https://apis.google.com/js/client:platform.js",
          "onFailure": [Function],
          "onRequest": [Function],
          "onSuccess": [Function],
          "prompt": "",
          "redirectUri": "/",
          "scope": "profile email",
          "tag": "button",
          "type": "button",
          "uxMode": "popup",
        },
        "ref": null,
        "rendered": Array [
          Object {
            "instance": null,
            "key": undefined,
            "nodeType": "host",
            "props": Object {
              "className": "fa fa-google-plus  icon-with-margin",
            },
            "ref": null,
            "rendered": null,
            "type": "i",
          },
          Object {
            "instance": null,
            "key": undefined,
            "nodeType": "host",
            "props": Object {
              "children": " Google",
              "className": "raised-font",
            },
            "ref": null,
            "rendered": " Google",
            "type": "span",
          },
        ],
        "type": [Function],
      },
      " ",
    ],
    "type": "div",
  },
  Symbol(enzyme.__nodes__): Array [
    Object {
      "instance": null,
      "key": undefined,
      "nodeType": "host",
      "props": Object {
        "children": Array [
          <t
            accessType="online"
            buttonText="Login with Google"
            className="google"
            clientId="1040550554735-0lfo665jrpgkprjkqdvh9njlc46mu6rg.apps.googleusercontent.com"
            cookiePolicy="single_host_origin"
            disabledStyle={
              Object {
                "opacity": 0.6,
              }
            }
            fetchBasicProfile={true}
            isSignedIn={false}
            jsSrc="https://apis.google.com/js/client:platform.js"
            onFailure={[Function]}
            onRequest={[Function]}
            onSuccess={[Function]}
            prompt=""
            redirectUri="/"
            scope="profile email"
            tag="button"
            type="button"
            uxMode="popup"
          >
            <i
              className="fa fa-google-plus  icon-with-margin"
            />
            <span
              className="raised-font"
            >
               Google
            </span>
          </t>,
          " ",
        ],
      },
      "ref": null,
      "rendered": Array [
        Object {
          "instance": null,
          "key": undefined,
          "nodeType": "class",
          "props": Object {
            "accessType": "online",
            "buttonText": "Login with Google",
            "children": Array [
              <i
                className="fa fa-google-plus  icon-with-margin"
              />,
              <span
                className="raised-font"
              >
                 Google
              </span>,
            ],
            "className": "google",
            "clientId": "1040550554735-0lfo665jrpgkprjkqdvh9njlc46mu6rg.apps.googleusercontent.com",
            "cookiePolicy": "single_host_origin",
            "disabledStyle": Object {
              "opacity": 0.6,
            },
            "fetchBasicProfile": true,
            "isSignedIn": false,
            "jsSrc": "https://apis.google.com/js/client:platform.js",
            "onFailure": [Function],
            "onRequest": [Function],
            "onSuccess": [Function],
            "prompt": "",
            "redirectUri": "/",
            "scope": "profile email",
            "tag": "button",
            "type": "button",
            "uxMode": "popup",
          },
          "ref": null,
          "rendered": Array [
            Object {
              "instance": null,
              "key": undefined,
              "nodeType": "host",
              "props": Object {
                "className": "fa fa-google-plus  icon-with-margin",
              },
              "ref": null,
              "rendered": null,
              "type": "i",
            },
            Object {
              "instance": null,
              "key": undefined,
              "nodeType": "host",
              "props": Object {
                "children": " Google",
                "className": "raised-font",
              },
              "ref": null,
              "rendered": " Google",
              "type": "span",
            },
          ],
          "type": [Function],
        },
        " ",
      ],
      "type": "div",
    },
  ],
  Symbol(enzyme.__options__): Object {
    "adapter": ReactSixteenAdapter {
      "options": Object {
        "enableComponentDidUpdateOnSetState": true,
        "lifecycles": Object {
          "componentDidUpdate": Object {
            "onSetState": true,
          },
          "getDerivedStateFromProps": true,
          "getSnapshotBeforeUpdate": true,
          "setState": Object {
            "skipsComponentDidUpdateOnNullish": true,
          },
        },
      },
    },
  },
}
`;
