// Jest Snapshot v1, https://goo.gl/fbAQLP

exports[`renders the LandingPage component correctly 1`] = `
ShallowWrapper {
  Symbol(enzyme.__root__): [Circular],
  Symbol(enzyme.__unrendered__): <LandingPage />,
  Symbol(enzyme.__renderer__): Object {
    "batchedUpdates": [Function],
    "getNode": [Function],
    "render": [Function],
    "simulateError": [Function],
    "simulateEvent": [Function],
    "unmount": [Function],
  },
  Symbol(enzyme.__node__): Object {
    "instance": null,
    "key": undefined,
    "nodeType": "function",
    "props": Object {
      "children": Array [
        <div
          className="first-section"
        >
          <div
            className="container"
          >
            <div
              className="row"
            >
              <div
                className="col-12 jumbotron mx-auto lp-intro lp-text"
              >
                <p>
                  Authors Haven is the one stop hub for knowledge.
                </p>
                <p>
                  Come take a look at thousands of articles.
                </p>
                <p>
                  You can even share your own!!!
                </p>
                <a
                  className="btn ah-btn"
                  href="#start"
                >
                  Join us and share your ideas
                </a>
              </div>
            </div>
          </div>
        </div>,
        <div
          className="container"
        >
          <div
            className="display-articles mx-auto row"
          >
            <div
              className="col-sm-12 col-4 col-md-6"
            >
              <DisplayArticles />
            </div>
            <div
              className="col-sm-12 col-4 col-md-6"
            >
              <DisplayArticles />
            </div>
            <div
              className="col-sm-12 col-4 col-md-6"
            >
              <DisplayArticles />
            </div>
          </div>
        </div>,
      ],
    },
    "ref": null,
    "rendered": Array [
      Object {
        "instance": null,
        "key": undefined,
        "nodeType": "host",
        "props": Object {
          "children": <div
            className="container"
          >
            <div
              className="row"
            >
              <div
                className="col-12 jumbotron mx-auto lp-intro lp-text"
              >
                <p>
                  Authors Haven is the one stop hub for knowledge.
                </p>
                <p>
                  Come take a look at thousands of articles.
                </p>
                <p>
                  You can even share your own!!!
                </p>
                <a
                  className="btn ah-btn"
                  href="#start"
                >
                  Join us and share your ideas
                </a>
              </div>
            </div>
          </div>,
          "className": "first-section",
        },
        "ref": null,
        "rendered": Object {
          "instance": null,
          "key": undefined,
          "nodeType": "host",
          "props": Object {
            "children": <div
              className="row"
            >
              <div
                className="col-12 jumbotron mx-auto lp-intro lp-text"
              >
                <p>
                  Authors Haven is the one stop hub for knowledge.
                </p>
                <p>
                  Come take a look at thousands of articles.
                </p>
                <p>
                  You can even share your own!!!
                </p>
                <a
                  className="btn ah-btn"
                  href="#start"
                >
                  Join us and share your ideas
                </a>
              </div>
            </div>,
            "className": "container",
          },
          "ref": null,
          "rendered": Object {
            "instance": null,
            "key": undefined,
            "nodeType": "host",
            "props": Object {
              "children": <div
                className="col-12 jumbotron mx-auto lp-intro lp-text"
              >
                <p>
                  Authors Haven is the one stop hub for knowledge.
                </p>
                <p>
                  Come take a look at thousands of articles.
                </p>
                <p>
                  You can even share your own!!!
                </p>
                <a
                  className="btn ah-btn"
                  href="#start"
                >
                  Join us and share your ideas
                </a>
              </div>,
              "className": "row",
            },
            "ref": null,
            "rendered": Object {
              "instance": null,
              "key": undefined,
              "nodeType": "host",
              "props": Object {
                "children": Array [
                  <p>
                    Authors Haven is the one stop hub for knowledge.
                  </p>,
                  <p>
                    Come take a look at thousands of articles.
                  </p>,
                  <p>
                    You can even share your own!!!
                  </p>,
                  <a
                    className="btn ah-btn"
                    href="#start"
                  >
                    Join us and share your ideas
                  </a>,
                ],
                "className": "col-12 jumbotron mx-auto lp-intro lp-text",
              },
              "ref": null,
              "rendered": Array [
                Object {
                  "instance": null,
                  "key": undefined,
                  "nodeType": "host",
                  "props": Object {
                    "children": "Authors Haven is the one stop hub for knowledge.",
                  },
                  "ref": null,
                  "rendered": "Authors Haven is the one stop hub for knowledge.",
                  "type": "p",
                },
                Object {
                  "instance": null,
                  "key": undefined,
                  "nodeType": "host",
                  "props": Object {
                    "children": "Come take a look at thousands of articles.",
                  },
                  "ref": null,
                  "rendered": "Come take a look at thousands of articles.",
                  "type": "p",
                },
                Object {
                  "instance": null,
                  "key": undefined,
                  "nodeType": "host",
                  "props": Object {
                    "children": "You can even share your own!!!",
                  },
                  "ref": null,
                  "rendered": "You can even share your own!!!",
                  "type": "p",
                },
                Object {
                  "instance": null,
                  "key": undefined,
                  "nodeType": "host",
                  "props": Object {
                    "children": "Join us and share your ideas",
                    "className": "btn ah-btn",
                    "href": "#start",
                  },
                  "ref": null,
                  "rendered": "Join us and share your ideas",
                  "type": "a",
                },
              ],
              "type": "div",
            },
            "type": "div",
          },
          "type": "div",
        },
        "type": "div",
      },
      Object {
        "instance": null,
        "key": undefined,
        "nodeType": "host",
        "props": Object {
          "children": <div
            className="display-articles mx-auto row"
          >
            <div
              className="col-sm-12 col-4 col-md-6"
            >
              <DisplayArticles />
            </div>
            <div
              className="col-sm-12 col-4 col-md-6"
            >
              <DisplayArticles />
            </div>
            <div
              className="col-sm-12 col-4 col-md-6"
            >
              <DisplayArticles />
            </div>
          </div>,
          "className": "container",
        },
        "ref": null,
        "rendered": Object {
          "instance": null,
          "key": undefined,
          "nodeType": "host",
          "props": Object {
            "children": Array [
              <div
                className="col-sm-12 col-4 col-md-6"
              >
                <DisplayArticles />
              </div>,
              <div
                className="col-sm-12 col-4 col-md-6"
              >
                <DisplayArticles />
              </div>,
              <div
                className="col-sm-12 col-4 col-md-6"
              >
                <DisplayArticles />
              </div>,
            ],
            "className": "display-articles mx-auto row",
          },
          "ref": null,
          "rendered": Array [
            Object {
              "instance": null,
              "key": undefined,
              "nodeType": "host",
              "props": Object {
                "children": <DisplayArticles />,
                "className": "col-sm-12 col-4 col-md-6",
              },
              "ref": null,
              "rendered": Object {
                "instance": null,
                "key": undefined,
                "nodeType": "function",
                "props": Object {},
                "ref": null,
                "rendered": null,
                "type": [Function],
              },
              "type": "div",
            },
            Object {
              "instance": null,
              "key": undefined,
              "nodeType": "host",
              "props": Object {
                "children": <DisplayArticles />,
                "className": "col-sm-12 col-4 col-md-6",
              },
              "ref": null,
              "rendered": Object {
                "instance": null,
                "key": undefined,
                "nodeType": "function",
                "props": Object {},
                "ref": null,
                "rendered": null,
                "type": [Function],
              },
              "type": "div",
            },
            Object {
              "instance": null,
              "key": undefined,
              "nodeType": "host",
              "props": Object {
                "children": <DisplayArticles />,
                "className": "col-sm-12 col-4 col-md-6",
              },
              "ref": null,
              "rendered": Object {
                "instance": null,
                "key": undefined,
                "nodeType": "function",
                "props": Object {},
                "ref": null,
                "rendered": null,
                "type": [Function],
              },
              "type": "div",
            },
          ],
          "type": "div",
        },
        "type": "div",
      },
    ],
    "type": Symbol(react.fragment),
  },
  Symbol(enzyme.__nodes__): Array [
    Object {
      "instance": null,
      "key": undefined,
      "nodeType": "function",
      "props": Object {
        "children": Array [
          <div
            className="first-section"
          >
            <div
              className="container"
            >
              <div
                className="row"
              >
                <div
                  className="col-12 jumbotron mx-auto lp-intro lp-text"
                >
                  <p>
                    Authors Haven is the one stop hub for knowledge.
                  </p>
                  <p>
                    Come take a look at thousands of articles.
                  </p>
                  <p>
                    You can even share your own!!!
                  </p>
                  <a
                    className="btn ah-btn"
                    href="#start"
                  >
                    Join us and share your ideas
                  </a>
                </div>
              </div>
            </div>
          </div>,
          <div
            className="container"
          >
            <div
              className="display-articles mx-auto row"
            >
              <div
                className="col-sm-12 col-4 col-md-6"
              >
                <DisplayArticles />
              </div>
              <div
                className="col-sm-12 col-4 col-md-6"
              >
                <DisplayArticles />
              </div>
              <div
                className="col-sm-12 col-4 col-md-6"
              >
                <DisplayArticles />
              </div>
            </div>
          </div>,
        ],
      },
      "ref": null,
      "rendered": Array [
        Object {
          "instance": null,
          "key": undefined,
          "nodeType": "host",
          "props": Object {
            "children": <div
              className="container"
            >
              <div
                className="row"
              >
                <div
                  className="col-12 jumbotron mx-auto lp-intro lp-text"
                >
                  <p>
                    Authors Haven is the one stop hub for knowledge.
                  </p>
                  <p>
                    Come take a look at thousands of articles.
                  </p>
                  <p>
                    You can even share your own!!!
                  </p>
                  <a
                    className="btn ah-btn"
                    href="#start"
                  >
                    Join us and share your ideas
                  </a>
                </div>
              </div>
            </div>,
            "className": "first-section",
          },
          "ref": null,
          "rendered": Object {
            "instance": null,
            "key": undefined,
            "nodeType": "host",
            "props": Object {
              "children": <div
                className="row"
              >
                <div
                  className="col-12 jumbotron mx-auto lp-intro lp-text"
                >
                  <p>
                    Authors Haven is the one stop hub for knowledge.
                  </p>
                  <p>
                    Come take a look at thousands of articles.
                  </p>
                  <p>
                    You can even share your own!!!
                  </p>
                  <a
                    className="btn ah-btn"
                    href="#start"
                  >
                    Join us and share your ideas
                  </a>
                </div>
              </div>,
              "className": "container",
            },
            "ref": null,
            "rendered": Object {
              "instance": null,
              "key": undefined,
              "nodeType": "host",
              "props": Object {
                "children": <div
                  className="col-12 jumbotron mx-auto lp-intro lp-text"
                >
                  <p>
                    Authors Haven is the one stop hub for knowledge.
                  </p>
                  <p>
                    Come take a look at thousands of articles.
                  </p>
                  <p>
                    You can even share your own!!!
                  </p>
                  <a
                    className="btn ah-btn"
                    href="#start"
                  >
                    Join us and share your ideas
                  </a>
                </div>,
                "className": "row",
              },
              "ref": null,
              "rendered": Object {
                "instance": null,
                "key": undefined,
                "nodeType": "host",
                "props": Object {
                  "children": Array [
                    <p>
                      Authors Haven is the one stop hub for knowledge.
                    </p>,
                    <p>
                      Come take a look at thousands of articles.
                    </p>,
                    <p>
                      You can even share your own!!!
                    </p>,
                    <a
                      className="btn ah-btn"
                      href="#start"
                    >
                      Join us and share your ideas
                    </a>,
                  ],
                  "className": "col-12 jumbotron mx-auto lp-intro lp-text",
                },
                "ref": null,
                "rendered": Array [
                  Object {
                    "instance": null,
                    "key": undefined,
                    "nodeType": "host",
                    "props": Object {
                      "children": "Authors Haven is the one stop hub for knowledge.",
                    },
                    "ref": null,
                    "rendered": "Authors Haven is the one stop hub for knowledge.",
                    "type": "p",
                  },
                  Object {
                    "instance": null,
                    "key": undefined,
                    "nodeType": "host",
                    "props": Object {
                      "children": "Come take a look at thousands of articles.",
                    },
                    "ref": null,
                    "rendered": "Come take a look at thousands of articles.",
                    "type": "p",
                  },
                  Object {
                    "instance": null,
                    "key": undefined,
                    "nodeType": "host",
                    "props": Object {
                      "children": "You can even share your own!!!",
                    },
                    "ref": null,
                    "rendered": "You can even share your own!!!",
                    "type": "p",
                  },
                  Object {
                    "instance": null,
                    "key": undefined,
                    "nodeType": "host",
                    "props": Object {
                      "children": "Join us and share your ideas",
                      "className": "btn ah-btn",
                      "href": "#start",
                    },
                    "ref": null,
                    "rendered": "Join us and share your ideas",
                    "type": "a",
                  },
                ],
                "type": "div",
              },
              "type": "div",
            },
            "type": "div",
          },
          "type": "div",
        },
        Object {
          "instance": null,
          "key": undefined,
          "nodeType": "host",
          "props": Object {
            "children": <div
              className="display-articles mx-auto row"
            >
              <div
                className="col-sm-12 col-4 col-md-6"
              >
                <DisplayArticles />
              </div>
              <div
                className="col-sm-12 col-4 col-md-6"
              >
                <DisplayArticles />
              </div>
              <div
                className="col-sm-12 col-4 col-md-6"
              >
                <DisplayArticles />
              </div>
            </div>,
            "className": "container",
          },
          "ref": null,
          "rendered": Object {
            "instance": null,
            "key": undefined,
            "nodeType": "host",
            "props": Object {
              "children": Array [
                <div
                  className="col-sm-12 col-4 col-md-6"
                >
                  <DisplayArticles />
                </div>,
                <div
                  className="col-sm-12 col-4 col-md-6"
                >
                  <DisplayArticles />
                </div>,
                <div
                  className="col-sm-12 col-4 col-md-6"
                >
                  <DisplayArticles />
                </div>,
              ],
              "className": "display-articles mx-auto row",
            },
            "ref": null,
            "rendered": Array [
              Object {
                "instance": null,
                "key": undefined,
                "nodeType": "host",
                "props": Object {
                  "children": <DisplayArticles />,
                  "className": "col-sm-12 col-4 col-md-6",
                },
                "ref": null,
                "rendered": Object {
                  "instance": null,
                  "key": undefined,
                  "nodeType": "function",
                  "props": Object {},
                  "ref": null,
                  "rendered": null,
                  "type": [Function],
                },
                "type": "div",
              },
              Object {
                "instance": null,
                "key": undefined,
                "nodeType": "host",
                "props": Object {
                  "children": <DisplayArticles />,
                  "className": "col-sm-12 col-4 col-md-6",
                },
                "ref": null,
                "rendered": Object {
                  "instance": null,
                  "key": undefined,
                  "nodeType": "function",
                  "props": Object {},
                  "ref": null,
                  "rendered": null,
                  "type": [Function],
                },
                "type": "div",
              },
              Object {
                "instance": null,
                "key": undefined,
                "nodeType": "host",
                "props": Object {
                  "children": <DisplayArticles />,
                  "className": "col-sm-12 col-4 col-md-6",
                },
                "ref": null,
                "rendered": Object {
                  "instance": null,
                  "key": undefined,
                  "nodeType": "function",
                  "props": Object {},
                  "ref": null,
                  "rendered": null,
                  "type": [Function],
                },
                "type": "div",
              },
            ],
            "type": "div",
          },
          "type": "div",
        },
      ],
      "type": Symbol(react.fragment),
    },
  ],
  Symbol(enzyme.__options__): Object {
    "adapter": ReactSixteenAdapter {
      "options": Object {
        "enableComponentDidUpdateOnSetState": true,
        "lifecycles": Object {
          "componentDidUpdate": Object {
            "onSetState": true,
          },
          "getDerivedStateFromProps": true,
          "getSnapshotBeforeUpdate": true,
          "setState": Object {
            "skipsComponentDidUpdateOnNullish": true,
          },
        },
      },
    },
  },
}
`;
